Archive member included because of file (symbol)

c:/winavr-20100110/bin/../lib/gcc/avr/4.3.3/avr25\libgcc.a(_exit.o)
                              c:/winavr-20100110/bin/../lib/gcc/avr/4.3.3/../../../../avr/lib/avr25/crttn2313.o (exit)
c:/winavr-20100110/bin/../lib/gcc/avr/4.3.3/avr25\libgcc.a(_copy_data.o)
                              usbdrv.o (__do_copy_data)
c:/winavr-20100110/bin/../lib/gcc/avr/4.3.3/avr25\libgcc.a(_clear_bss.o)
                              VUSB_93C46_PROG.o (__do_clear_bss)

Allocating common symbols
Common symbol       size              file

usbTxBuf            0xb               usbdrv.o
usbDeviceAddr       0x1               usbdrv.o
usbRxToken          0x1               usbdrv.o
usbInputBufOffset   0x1               usbdrv.o
usbMsgPtr           0x2               usbdrv.o
usbRxLen            0x1               usbdrv.o
usbNewDeviceAddr    0x1               usbdrv.o
usbCurrentTok       0x1               usbdrv.o
usbConfiguration    0x1               usbdrv.o
usbRxBuf            0x16              usbdrv.o

Memory Configuration

Name             Origin             Length             Attributes
text             0x00000000         0x00002000         xr
data             0x00800060         0x0000ffa0         rw !x
eeprom           0x00810000         0x00010000         rw !x
fuse             0x00820000         0x00000400         rw !x
lock             0x00830000         0x00000400         rw !x
signature        0x00840000         0x00000400         rw !x
*default*        0x00000000         0xffffffff

Linker script and memory map

LOAD c:/winavr-20100110/bin/../lib/gcc/avr/4.3.3/../../../../avr/lib/avr25/crttn2313.o
LOAD VUSB_93C46_PROG.o
LOAD oddebug.o
LOAD usbdrv.o
LOAD usbdrvasm.o
LOAD AT93c46.o
LOAD c:/winavr-20100110/bin/../lib/gcc/avr/4.3.3/avr25\libgcc.a
LOAD c:/winavr-20100110/bin/../lib/gcc/avr/4.3.3/../../../../avr/lib/avr25\libc.a
LOAD c:/winavr-20100110/bin/../lib/gcc/avr/4.3.3/avr25\libgcc.a

.hash
 *(.hash)

.dynsym
 *(.dynsym)

.dynstr
 *(.dynstr)

.gnu.version
 *(.gnu.version)

.gnu.version_d
 *(.gnu.version_d)

.gnu.version_r
 *(.gnu.version_r)

.rel.init
 *(.rel.init)

.rela.init
 *(.rela.init)

.rel.text
 *(.rel.text)
 *(.rel.text.*)
 *(.rel.gnu.linkonce.t*)

.rela.text
 *(.rela.text)
 *(.rela.text.*)
 *(.rela.gnu.linkonce.t*)

.rel.fini
 *(.rel.fini)

.rela.fini
 *(.rela.fini)

.rel.rodata
 *(.rel.rodata)
 *(.rel.rodata.*)
 *(.rel.gnu.linkonce.r*)

.rela.rodata
 *(.rela.rodata)
 *(.rela.rodata.*)
 *(.rela.gnu.linkonce.r*)

.rel.data
 *(.rel.data)
 *(.rel.data.*)
 *(.rel.gnu.linkonce.d*)

.rela.data
 *(.rela.data)
 *(.rela.data.*)
 *(.rela.gnu.linkonce.d*)

.rel.ctors
 *(.rel.ctors)

.rela.ctors
 *(.rela.ctors)

.rel.dtors
 *(.rel.dtors)

.rela.dtors
 *(.rela.dtors)

.rel.got
 *(.rel.got)

.rela.got
 *(.rela.got)

.rel.bss
 *(.rel.bss)

.rela.bss
 *(.rela.bss)

.rel.plt
 *(.rel.plt)

.rela.plt
 *(.rela.plt)

.text           0x00000000      0x73a
 *(.vectors)
 .vectors       0x00000000       0x26 c:/winavr-20100110/bin/../lib/gcc/avr/4.3.3/../../../../avr/lib/avr25/crttn2313.o
                0x00000000                __vectors
                0x00000000                __vector_default
 *(.vectors)
 *(.progmem.gcc*)
 *(.progmem*)
 .progmem.data  0x00000026       0x58 usbdrv.o
                0x0000005a                usbDescriptorDevice
                0x00000026                usbDescriptorString0
                0x0000004e                usbDescriptorStringSerialNumber
                0x0000006c                usbDescriptorConfiguration
                0x0000002a                usbDescriptorStringVendor
                0x0000003a                usbDescriptorStringDevice
                0x0000007e                . = ALIGN (0x2)
                0x0000007e                __trampolines_start = .
 *(.trampolines)
 .trampolines   0x0000007e        0x0 linker stubs
 *(.trampolines*)
                0x0000007e                __trampolines_end = .
 *(.jumptables)
 *(.jumptables*)
 *(.lowtext)
 *(.lowtext*)
                0x0000007e                __ctors_start = .
 *(.ctors)
                0x0000007e                __ctors_end = .
                0x0000007e                __dtors_start = .
 *(.dtors)
                0x0000007e                __dtors_end = .
 SORT(*)(.ctors)
 SORT(*)(.dtors)
 *(.init0)
 .init0         0x0000007e        0x0 c:/winavr-20100110/bin/../lib/gcc/avr/4.3.3/../../../../avr/lib/avr25/crttn2313.o
                0x0000007e                __init
 *(.init0)
 *(.init1)
 *(.init1)
 *(.init2)
 .init2         0x0000007e        0x8 c:/winavr-20100110/bin/../lib/gcc/avr/4.3.3/../../../../avr/lib/avr25/crttn2313.o
 *(.init2)
 *(.init3)
 *(.init3)
 *(.init4)
 .init4         0x00000086       0x16 c:/winavr-20100110/bin/../lib/gcc/avr/4.3.3/avr25\libgcc.a(_copy_data.o)
                0x00000086                __do_copy_data
 .init4         0x0000009c       0x10 c:/winavr-20100110/bin/../lib/gcc/avr/4.3.3/avr25\libgcc.a(_clear_bss.o)
                0x0000009c                __do_clear_bss
 *(.init4)
 *(.init5)
 *(.init5)
 *(.init6)
 *(.init6)
 *(.init7)
 *(.init7)
 *(.init8)
 *(.init8)
 *(.init9)
 .init9         0x000000ac        0x4 c:/winavr-20100110/bin/../lib/gcc/avr/4.3.3/../../../../avr/lib/avr25/crttn2313.o
 *(.init9)
 *(.text)
 .text          0x000000b0        0x2 c:/winavr-20100110/bin/../lib/gcc/avr/4.3.3/../../../../avr/lib/avr25/crttn2313.o
                0x000000b0                __vector_12
                0x000000b0                __bad_interrupt
                0x000000b0                __vector_6
                0x000000b0                __vector_3
                0x000000b0                __vector_11
                0x000000b0                __vector_13
                0x000000b0                __vector_17
                0x000000b0                __vector_7
                0x000000b0                __vector_5
                0x000000b0                __vector_4
                0x000000b0                __vector_9
                0x000000b0                __vector_2
                0x000000b0                __vector_15
                0x000000b0                __vector_8
                0x000000b0                __vector_14
                0x000000b0                __vector_10
                0x000000b0                __vector_16
                0x000000b0                __vector_18
 .text          0x000000b2       0xee VUSB_93C46_PROG.o
                0x000000e8                usbFunctionSetup
                0x000000b2                main
 .text          0x000001a0        0x0 oddebug.o
 .text          0x000001a0      0x1f8 usbdrv.o
                0x000001ae                usbPoll
                0x000001a0                usbInit
 .text          0x00000398      0x28c usbdrvasm.o
                0x000003ca                __vector_1
                0x00000398                usbCrc16
                0x000003c2                usbCrc16Append
 .text          0x00000624      0x112 AT93c46.o
                0x000006cc                at93write_byte
                0x000006fc                at93write_word
                0x000006b4                write_enable
                0x0000063c                usi_spi_init
                0x0000067e                at93read_word
                0x00000624                usi_sr
                0x00000642                soft_clk
                0x0000065a                at93read_byte
 .text          0x00000736        0x0 c:/winavr-20100110/bin/../lib/gcc/avr/4.3.3/avr25\libgcc.a(_exit.o)
 .text          0x00000736        0x0 c:/winavr-20100110/bin/../lib/gcc/avr/4.3.3/avr25\libgcc.a(_copy_data.o)
 .text          0x00000736        0x0 c:/winavr-20100110/bin/../lib/gcc/avr/4.3.3/avr25\libgcc.a(_clear_bss.o)
                0x00000736                . = ALIGN (0x2)
 *(.text.*)
 .text.libgcc   0x00000736        0x0 c:/winavr-20100110/bin/../lib/gcc/avr/4.3.3/avr25\libgcc.a(_exit.o)
 .text.libgcc   0x00000736        0x0 c:/winavr-20100110/bin/../lib/gcc/avr/4.3.3/avr25\libgcc.a(_copy_data.o)
 .text.libgcc   0x00000736        0x0 c:/winavr-20100110/bin/../lib/gcc/avr/4.3.3/avr25\libgcc.a(_clear_bss.o)
                0x00000736                . = ALIGN (0x2)
 *(.fini9)
 .fini9         0x00000736        0x0 c:/winavr-20100110/bin/../lib/gcc/avr/4.3.3/avr25\libgcc.a(_exit.o)
                0x00000736                exit
                0x00000736                _exit
 *(.fini9)
 *(.fini8)
 *(.fini8)
 *(.fini7)
 *(.fini7)
 *(.fini6)
 *(.fini6)
 *(.fini5)
 *(.fini5)
 *(.fini4)
 *(.fini4)
 *(.fini3)
 *(.fini3)
 *(.fini2)
 *(.fini2)
 *(.fini1)
 *(.fini1)
 *(.fini0)
 .fini0         0x00000736        0x4 c:/winavr-20100110/bin/../lib/gcc/avr/4.3.3/avr25\libgcc.a(_exit.o)
 *(.fini0)
                0x0000073a                _etext = .

.data           0x00800060        0x2 load address 0x0000073a
                0x00800060                PROVIDE (__data_start, .)
 *(.data)
 .data          0x00800060        0x0 c:/winavr-20100110/bin/../lib/gcc/avr/4.3.3/../../../../avr/lib/avr25/crttn2313.o
 .data          0x00800060        0x0 VUSB_93C46_PROG.o
 .data          0x00800060        0x0 oddebug.o
 .data          0x00800060        0x2 usbdrv.o
                0x00800060                usbTxLen
 .data          0x00800062        0x0 usbdrvasm.o
 .data          0x00800062        0x0 AT93c46.o
 .data          0x00800062        0x0 c:/winavr-20100110/bin/../lib/gcc/avr/4.3.3/avr25\libgcc.a(_exit.o)
 .data          0x00800062        0x0 c:/winavr-20100110/bin/../lib/gcc/avr/4.3.3/avr25\libgcc.a(_copy_data.o)
 .data          0x00800062        0x0 c:/winavr-20100110/bin/../lib/gcc/avr/4.3.3/avr25\libgcc.a(_clear_bss.o)
 *(.data*)
 *(.rodata)
 *(.rodata*)
 *(.gnu.linkonce.d*)
                0x00800062                . = ALIGN (0x2)
                0x00800062                _edata = .
                0x00800062                PROVIDE (__data_end, .)

.bss            0x00800062       0x32
                0x00800062                PROVIDE (__bss_start, .)
 *(.bss)
 .bss           0x00800062        0x0 c:/winavr-20100110/bin/../lib/gcc/avr/4.3.3/../../../../avr/lib/avr25/crttn2313.o
 .bss           0x00800062        0x7 VUSB_93C46_PROG.o
 .bss           0x00800069        0x0 oddebug.o
 .bss           0x00800069        0x1 usbdrv.o
 .bss           0x0080006a        0x0 usbdrvasm.o
 .bss           0x0080006a        0x0 AT93c46.o
 .bss           0x0080006a        0x0 c:/winavr-20100110/bin/../lib/gcc/avr/4.3.3/avr25\libgcc.a(_exit.o)
 .bss           0x0080006a        0x0 c:/winavr-20100110/bin/../lib/gcc/avr/4.3.3/avr25\libgcc.a(_copy_data.o)
 .bss           0x0080006a        0x0 c:/winavr-20100110/bin/../lib/gcc/avr/4.3.3/avr25\libgcc.a(_clear_bss.o)
 *(.bss*)
 *(COMMON)
 COMMON         0x0080006a       0x2a usbdrv.o
                0x0080006a                usbTxBuf
                0x00800075                usbDeviceAddr
                0x00800076                usbRxToken
                0x00800077                usbInputBufOffset
                0x00800078                usbMsgPtr
                0x0080007a                usbRxLen
                0x0080007b                usbNewDeviceAddr
                0x0080007c                usbCurrentTok
                0x0080007d                usbConfiguration
                0x0080007e                usbRxBuf
                0x00800094                PROVIDE (__bss_end, .)
                0x0000073a                __data_load_start = LOADADDR (.data)
                0x0000073c                __data_load_end = (__data_load_start + SIZEOF (.data))

.noinit         0x00800094        0x0
                0x00800094                PROVIDE (__noinit_start, .)
 *(.noinit*)
                0x00800094                PROVIDE (__noinit_end, .)
                0x00800094                _end = .
                0x00800094                PROVIDE (__heap_start, .)

.eeprom         0x00810000        0x0
 *(.eeprom*)
                0x00810000                __eeprom_end = .

.fuse
 *(.fuse)
 *(.lfuse)
 *(.hfuse)
 *(.efuse)

.lock
 *(.lock*)

.signature
 *(.signature*)

.stab
 *(.stab)

.stabstr
 *(.stabstr)

.stab.excl
 *(.stab.excl)

.stab.exclstr
 *(.stab.exclstr)

.stab.index
 *(.stab.index)

.stab.indexstr
 *(.stab.indexstr)

.comment
 *(.comment)

.debug
 *(.debug)

.line
 *(.line)

.debug_srcinfo
 *(.debug_srcinfo)

.debug_sfnames
 *(.debug_sfnames)

.debug_aranges  0x00000000       0x80
 *(.debug_aranges)
 .debug_aranges
                0x00000000       0x20 VUSB_93C46_PROG.o
 .debug_aranges
                0x00000020       0x20 usbdrv.o
 .debug_aranges
                0x00000040       0x20 usbdrvasm.o
 .debug_aranges
                0x00000060       0x20 AT93c46.o

.debug_pubnames
                0x00000000      0x255
 *(.debug_pubnames)
 .debug_pubnames
                0x00000000       0x30 VUSB_93C46_PROG.o
 .debug_pubnames
                0x00000030      0x18f usbdrv.o
 .debug_pubnames
                0x000001bf       0x96 AT93c46.o

.debug_info     0x00000000      0xe87
 *(.debug_info)
 .debug_info    0x00000000      0x273 VUSB_93C46_PROG.o
 .debug_info    0x00000273       0x61 oddebug.o
 .debug_info    0x000002d4      0x764 usbdrv.o
 .debug_info    0x00000a38       0x73 usbdrvasm.o
 .debug_info    0x00000aab      0x3dc AT93c46.o
 *(.gnu.linkonce.wi.*)

.debug_abbrev   0x00000000      0x56f
 *(.debug_abbrev)
 .debug_abbrev  0x00000000      0x166 VUSB_93C46_PROG.o
 .debug_abbrev  0x00000166       0x33 oddebug.o
 .debug_abbrev  0x00000199      0x212 usbdrv.o
 .debug_abbrev  0x000003ab       0x14 usbdrvasm.o
 .debug_abbrev  0x000003bf      0x1b0 AT93c46.o

.debug_line     0x00000000      0xa78
 *(.debug_line)
 .debug_line    0x00000000      0x243 VUSB_93C46_PROG.o
 .debug_line    0x00000243       0x3e oddebug.o
 .debug_line    0x00000281      0x2ee usbdrv.o
 .debug_line    0x0000056f      0x1b2 usbdrvasm.o
 .debug_line    0x00000721      0x357 AT93c46.o

.debug_frame    0x00000000       0xf0
 *(.debug_frame)
 .debug_frame   0x00000000       0x30 VUSB_93C46_PROG.o
 .debug_frame   0x00000030       0x30 usbdrv.o
 .debug_frame   0x00000060       0x90 AT93c46.o

.debug_str      0x00000000      0x491
 *(.debug_str)
 .debug_str     0x00000000      0x17d VUSB_93C46_PROG.o
                                0x1bf (size before relaxing)
 .debug_str     0x0000017d       0x14 oddebug.o
                                 0xbe (size before relaxing)
 .debug_str     0x00000191      0x25b usbdrv.o
                                0x38c (size before relaxing)
 .debug_str     0x000003ec       0xa5 AT93c46.o
                                0x1a7 (size before relaxing)

.debug_loc      0x00000000      0x43d
 *(.debug_loc)
 .debug_loc     0x00000000       0x5b VUSB_93C46_PROG.o
 .debug_loc     0x0000005b      0x27c usbdrv.o
 .debug_loc     0x000002d7      0x166 AT93c46.o

.debug_macinfo
 *(.debug_macinfo)
OUTPUT(VUSB_93C46_PROG.elf elf32-avr)
LOAD linker stubs

.debug_ranges   0x00000000      0x130
 .debug_ranges  0x00000000       0x48 VUSB_93C46_PROG.o
 .debug_ranges  0x00000048       0x58 usbdrv.o
 .debug_ranges  0x000000a0       0x90 AT93c46.o
